Get-ForwardingSettings started on PROTEUS by PROTEUS\Bitpusher at  [2026-07-28 23:40:42]
Setting process priority to "Normal"
Domain sub-directory will be "854jpt.onmicrosoft.com"

 The Output file is available at:
C:\Users\Bitpusher\Desktop\Investigation\854jpt.onmicrosoft.com\MailboxForwardingSettings_20260728234042.csv
Script complete.
Seconds elapsed for script execution: 1.2435601

Done! Check output path for results.

==================== RUN MANIFEST ====================
Script          : Get-ForwardingSettings v5.0.0 - DEF CON edition - last updated 2026-08-05
Operator        : PROTEUS\Bitpusher
Computer        : PROTEUS
Tenant          : eb174bbc-fe94-4978-95b9-a616457dd489
Graph scopes    : Agreement.Read.All, Application.Read.All, Application.ReadWrite.All, AppRoleAssignment.ReadWrite.All, AuditLog.Read.All, AuditLogsQuery.Read.All, DelegatedPermissionGrant.Read.All, DelegatedPermissionGrant.ReadWrite.All, Directory.AccessAsUser.All, Directory.Read.All, Directory.ReadWrite.All, Domain.Read.All, Files.Read.All, Files.ReadWrite.All, Group.Read.All, Group.ReadWrite.All, GroupMember.Read.All, IdentityRiskEvent.Read.All, IdentityRiskyUser.Read.All, IdentityRiskyUser.ReadWrite.All, Mail.Read, Mail.Send, openid, Organization.Read.All, Organization.ReadWrite.All, Policy.Read.All, Policy.Read.ConditionalAccess, Policy.ReadWrite.ConditionalAccess, profile, Reports.Read.All, RoleManagement.Read.Directory, SecurityEvents.Read.All, SecurityEvents.ReadWrite.All, Sites.Read.All, Sites.ReadWrite.All, User.Read, User.Read.All, User.ReadWrite.All, UserAuthenticationMethod.Read.All, UserAuthenticationMethod.ReadWrite.All, email
UTC start       : 2026-07-29 06:40:42Z
UTC stop        : 2026-07-29 06:40:43Z
Elapsed seconds : 1.24
Output files (SHA256):
  6361FD39DCD82983CD6A4947EAE812574B142A0BDE28BE773DE88203BBB7A030  C:\Users\Bitpusher\Desktop\Investigation\854jpt.onmicrosoft.com\MailboxForwardingSettings_20260728234042.csv
=====================================================
