Usable app credentials present (source: MailAppInfo.json). Skipping interactive Microsoft Graph sign-in - no provisioning permissions required for this run.
Search-MailboxMessage started on PROTEUS by PROTEUS\Bitpusher at  [2026-07-31 20:45:58]
Setting process priority to "Normal"
Domain/Messages sub-directory does not exist. Sub-directory "waverly - log collection\Messages_20260731204558" will be created.
Domain/Messages sub-directory will be "waverly - log collection\Messages_20260731204558"
Graph not connected (or missing User.Read.All). Assuming UPN(s) are correct...

First entry of query list:
<0dddd476-0968-458b-9566-47d1895ab012@BN3PEPF0000B371.namprd21.prod.outlook.com>

Query list is 70 items long...

Searching for <0dddd476-0968-458b-9566-47d1895ab012@BN3PEPF0000B371.namprd21.prod.outlook.com> in PattiF@854jpt.onmicrosoft.com...
<0dddd476-0968-458b-9566-47d1895ab012@BN3PEPF0000B371.namprd21.prod.outlook.com> not found in PattiF@854jpt.onmicrosoft.com.

Searching for <7dbf7de7-1d4e-4a65-868d-e42cb17b7351@MN1PEPF0000F0E3.namprd04.prod.outlook.com> in PattiF@854jpt.onmicrosoft.com...
<7dbf7de7-1d4e-4a65-868d-e42cb17b7351@MN1PEPF0000F0E3.namprd04.prod.outlook.com> not found in PattiF@854jpt.onmicrosoft.com.

Searching for <c7d763b3-b849-4f29-ae16-6d3de954e831@854jpt.onmicrosoft.com> in PattiF@854jpt.onmicrosoft.com...
Message found. Parsing metadata & attempting to retrieving message content...
Message message content retrieved.

Searching for <e009bdbc-b8e8-4d74-bd24-f6efc41483f6@854jpt.onmicrosoft.com> in PattiF@854jpt.onmicrosoft.com...
<e009bdbc-b8e8-4d74-bd24-f6efc41483f6@854jpt.onmicrosoft.com> not found in PattiF@854jpt.onmicrosoft.com.

Searching for <8fe2b886-7eff-4258-9d90-7b497ce67e93@854jpt.onmicrosoft.com> in PattiF@854jpt.onmicrosoft.com...
<8fe2b886-7eff-4258-9d90-7b497ce67e93@854jpt.onmicrosoft.com> not found in PattiF@854jpt.onmicrosoft.com.

Searching for <5b22b6a3-fde1-43bf-a6c7-33fa82b671d9@854jpt.onmicrosoft.com> in PattiF@854jpt.onmicrosoft.com...
<5b22b6a3-fde1-43bf-a6c7-33fa82b671d9@854jpt.onmicrosoft.com> not found in PattiF@854jpt.onmicrosoft.com.

Searching for <7ed1b6bf-2b7d-43f6-ac0d-c259cbc4ba96@854jpt.onmicrosoft.com> in PattiF@854jpt.onmicrosoft.com...
<7ed1b6bf-2b7d-43f6-ac0d-c259cbc4ba96@854jpt.onmicrosoft.com> not found in PattiF@854jpt.onmicrosoft.com.

Searching for <a6f633b5-ed16-4d31-8616-519b69b32c7d@854jpt.onmicrosoft.com> in PattiF@854jpt.onmicrosoft.com...
<a6f633b5-ed16-4d31-8616-519b69b32c7d@854jpt.onmicrosoft.com> not found in PattiF@854jpt.onmicrosoft.com.

Searching for <4def848f-7dd9-4410-aa7a-003041712583@854jpt.onmicrosoft.com> in PattiF@854jpt.onmicrosoft.com...
<4def848f-7dd9-4410-aa7a-003041712583@854jpt.onmicrosoft.com> not found in PattiF@854jpt.onmicrosoft.com.

Searching for <477cb28e-1fd3-474e-aacf-c9c09c547363@854jpt.onmicrosoft.com> in PattiF@854jpt.onmicrosoft.com...
Message found. Parsing metadata & attempting to retrieving message content...
Message message content retrieved.

Searching for <2e87a629-c2f4-4fc4-af41-f8f29bc9cc1b@854jpt.onmicrosoft.com> in PattiF@854jpt.onmicrosoft.com...
Message found. Parsing metadata & attempting to retrieving message content...
Message message content retrieved.

Searching for <45fda60d-ef62-4dd7-89f5-2bd9261ffff2@854jpt.onmicrosoft.com> in PattiF@854jpt.onmicrosoft.com...
Message found. Parsing metadata & attempting to retrieving message content...
Message message content retrieved.

Searching for <45fda60d-ef62-4dd7-89f5-2bd9261ffff2@854jpt.onmicrosoft.com> in PattiF@854jpt.onmicrosoft.com...
Message found. Parsing metadata & attempting to retrieving message content...
Message message content retrieved.

Searching for <dc562fd6-29b1-4911-9796-a05ca634fef0@854jpt.onmicrosoft.com> in PattiF@854jpt.onmicrosoft.com...
Message found. Parsing metadata & attempting to retrieving message content...
Message message content retrieved.

Searching for <4f67c8e6-535a-43d4-b8a4-5cd6a7bcb994@854jpt.onmicrosoft.com> in PattiF@854jpt.onmicrosoft.com...
Message found. Parsing metadata & attempting to retrieving message content...
Message message content retrieved.

Searching for <477cb28e-1fd3-474e-aacf-c9c09c547363@854jpt.onmicrosoft.com> in PattiF@854jpt.onmicrosoft.com...
Message found. Parsing metadata & attempting to retrieving message content...
Message message content retrieved.

Searching for <05712de0-a22f-4471-8c0b-1a9c5627937d@854jpt.onmicrosoft.com> in PattiF@854jpt.onmicrosoft.com...
Message found. Parsing metadata & attempting to retrieving message content...
Message message content retrieved.

Searching for <9fb6d025-fbb7-45e9-a351-5368d67d225c@854jpt.onmicrosoft.com> in PattiF@854jpt.onmicrosoft.com...
Message found. Parsing metadata & attempting to retrieving message content...
Message message content retrieved.

Searching for <8d822f3a-9e8f-4757-ac80-2f400c70a139@854jpt.onmicrosoft.com> in PattiF@854jpt.onmicrosoft.com...
Message found. Parsing metadata & attempting to retrieving message content...
Message message content retrieved.

Searching for <9c77b403-12db-42c6-b8e8-ec5100720cab@854jpt.onmicrosoft.com> in PattiF@854jpt.onmicrosoft.com...
Message found. Parsing metadata & attempting to retrieving message content...
Message message content retrieved.

Searching for <d80de07c-9588-4d70-82e1-24210566ad83@854jpt.onmicrosoft.com> in PattiF@854jpt.onmicrosoft.com...
Message found. Parsing metadata & attempting to retrieving message content...
Message message content retrieved.

Searching for <9c888c6e-c7ea-4691-8917-1a6cf33c9e8c@854jpt.onmicrosoft.com> in PattiF@854jpt.onmicrosoft.com...
Message found. Parsing metadata & attempting to retrieving message content...
Message message content retrieved.

Searching for <a2ab3c98-a8d7-448c-b13d-d659e3cdd149@854jpt.onmicrosoft.com> in PattiF@854jpt.onmicrosoft.com...
Message found. Parsing metadata & attempting to retrieving message content...
Message message content retrieved.

Searching for <0dda4e20-4659-4856-acd1-5c28622ea42a@854jpt.onmicrosoft.com> in PattiF@854jpt.onmicrosoft.com...
Message found. Parsing metadata & attempting to retrieving message content...
Message message content retrieved.

Searching for <709c7ff2-9902-42c2-b3fc-f850081baa78@854jpt.onmicrosoft.com> in PattiF@854jpt.onmicrosoft.com...
Message found. Parsing metadata & attempting to retrieving message content...
Message message content retrieved.

Searching for <73fac190-309d-4c26-be14-279f91581e32@854jpt.onmicrosoft.com> in PattiF@854jpt.onmicrosoft.com...
Message found. Parsing metadata & attempting to retrieving message content...
Message message content retrieved.

Searching for <8fe2b886-7eff-4258-9d90-7b497ce67e93@854jpt.onmicrosoft.com> in PattiF@854jpt.onmicrosoft.com...
<8fe2b886-7eff-4258-9d90-7b497ce67e93@854jpt.onmicrosoft.com> not found in PattiF@854jpt.onmicrosoft.com.

Searching for <2377068c-9d63-44e3-a2a6-708f5aed8204@854jpt.onmicrosoft.com> in PattiF@854jpt.onmicrosoft.com...
Message found. Parsing metadata & attempting to retrieving message content...
Message message content retrieved.

Searching for <7405f919-5796-431d-a0d8-2a671c543905@854jpt.onmicrosoft.com> in PattiF@854jpt.onmicrosoft.com...
Message found. Parsing metadata & attempting to retrieving message content...
Message message content retrieved.

Searching for <2e87a629-c2f4-4fc4-af41-f8f29bc9cc1b@854jpt.onmicrosoft.com> in PattiF@854jpt.onmicrosoft.com...
Message found. Parsing metadata & attempting to retrieving message content...
Message message content retrieved.

Searching for <ac1723d3-6359-4021-ae5a-fc08febd9fdb@854jpt.onmicrosoft.com> in PattiF@854jpt.onmicrosoft.com...
Message found. Parsing metadata & attempting to retrieving message content...
Message message content retrieved.

Searching for <2eb53355-095a-4b91-a87d-e5cb2520f59d@854jpt.onmicrosoft.com> in PattiF@854jpt.onmicrosoft.com...
Message found. Parsing metadata & attempting to retrieving message content...
Message message content retrieved.

Searching for <cd74de49-232f-49d6-aac1-3d31025def48@854jpt.onmicrosoft.com> in PattiF@854jpt.onmicrosoft.com...
Message found. Parsing metadata & attempting to retrieving message content...
Message message content retrieved.

Searching for <7405f919-5796-431d-a0d8-2a671c543905@854jpt.onmicrosoft.com> in PattiF@854jpt.onmicrosoft.com...
Message found. Parsing metadata & attempting to retrieving message content...
Message message content retrieved.

Searching for <2377068c-9d63-44e3-a2a6-708f5aed8204@854jpt.onmicrosoft.com> in PattiF@854jpt.onmicrosoft.com...
Message found. Parsing metadata & attempting to retrieving message content...
Message message content retrieved.

Searching for <2e87a629-c2f4-4fc4-af41-f8f29bc9cc1b@854jpt.onmicrosoft.com> in PattiF@854jpt.onmicrosoft.com...
Message found. Parsing metadata & attempting to retrieving message content...
Message message content retrieved.

Searching for <BY5PR10MB3746E1F0FD0539E21C052071A7CF2@BY5PR10MB3746.namprd10.prod.outlook.com> in PattiF@854jpt.onmicrosoft.com...
Message found. Parsing metadata & attempting to retrieving message content...
Message message content retrieved.

Searching for <ae34161f-f8a6-4be2-8558-8d2b6c401ca3@MN1PEPF0000F0E3.namprd04.prod.outlook.com> in PattiF@854jpt.onmicrosoft.com...
Message found. Parsing metadata & attempting to retrieving message content...
Message message content retrieved.

Searching for <c7d763b3-b849-4f29-ae16-6d3de954e831@854jpt.onmicrosoft.com> in PattiF@854jpt.onmicrosoft.com...
Message found. Parsing metadata & attempting to retrieving message content...
Message message content retrieved.

Searching for <0d96379d-d2d5-4e52-b323-3829231229ea@854jpt.onmicrosoft.com> in PattiF@854jpt.onmicrosoft.com...
Message found. Parsing metadata & attempting to retrieving message content...
Message message content retrieved.

Searching for <d9dda4b9-f6c8-459c-a337-aea02ef775a3@854jpt.onmicrosoft.com> in PattiF@854jpt.onmicrosoft.com...
Message found. Parsing metadata & attempting to retrieving message content...
Message message content retrieved.

Searching for <1df67f41-130a-4137-b0be-0a8f07e84631@854jpt.onmicrosoft.com> in PattiF@854jpt.onmicrosoft.com...
Message found. Parsing metadata & attempting to retrieving message content...
Message message content retrieved.

Searching for <467dc11e-ca38-496d-9f7f-4d55812afa64@854jpt.onmicrosoft.com> in PattiF@854jpt.onmicrosoft.com...
Message found. Parsing metadata & attempting to retrieving message content...
Message message content retrieved.

Searching for <85496e96-33f0-4709-8410-55b3e99d403f@854jpt.onmicrosoft.com> in PattiF@854jpt.onmicrosoft.com...
Message found. Parsing metadata & attempting to retrieving message content...
Message message content retrieved.

Searching for <3121cb0d-054e-4acb-92a7-c133833aef29@854jpt.onmicrosoft.com> in PattiF@854jpt.onmicrosoft.com...
Message found. Parsing metadata & attempting to retrieving message content...
Message message content retrieved.

Searching for <0b63639a-b028-4bc7-ad24-ae17acd3fcb7@854jpt.onmicrosoft.com> in PattiF@854jpt.onmicrosoft.com...
Message found. Parsing metadata & attempting to retrieving message content...
Message message content retrieved.

Searching for <4990c53c-4140-41bf-a461-7f8b1cf8f690@854jpt.onmicrosoft.com> in PattiF@854jpt.onmicrosoft.com...
Message found. Parsing metadata & attempting to retrieving message content...
Message message content retrieved.

Searching for <b8fc7c22-857b-4e72-ba6a-dc44998d67d7@854jpt.onmicrosoft.com> in PattiF@854jpt.onmicrosoft.com...
Message found. Parsing metadata & attempting to retrieving message content...
Message message content retrieved.

Searching for <c2c2ab9e-3b37-446e-9f18-b1b5f06e313b@854jpt.onmicrosoft.com> in PattiF@854jpt.onmicrosoft.com...
Message found. Parsing metadata & attempting to retrieving message content...
Message message content retrieved.

Searching for <BY5PR10MB3746CDC7ACFA92EDF49C3F7FA7CF2@BY5PR10MB3746.namprd10.prod.outlook.com> in PattiF@854jpt.onmicrosoft.com...
<BY5PR10MB3746CDC7ACFA92EDF49C3F7FA7CF2@BY5PR10MB3746.namprd10.prod.outlook.com> not found in PattiF@854jpt.onmicrosoft.com.

Searching for <c34389f0-d4e5-4864-b70d-ba55bab08830@854jpt.onmicrosoft.com> in PattiF@854jpt.onmicrosoft.com...
<c34389f0-d4e5-4864-b70d-ba55bab08830@854jpt.onmicrosoft.com> not found in PattiF@854jpt.onmicrosoft.com.

Searching for <ce7744b8-765f-4e2f-b137-5f09c2e31605@854jpt.onmicrosoft.com> in PattiF@854jpt.onmicrosoft.com...
<ce7744b8-765f-4e2f-b137-5f09c2e31605@854jpt.onmicrosoft.com> not found in PattiF@854jpt.onmicrosoft.com.

Searching for <9dfca31f-f976-46b2-90b0-df9fbb9db50a@854jpt.onmicrosoft.com> in PattiF@854jpt.onmicrosoft.com...
<9dfca31f-f976-46b2-90b0-df9fbb9db50a@854jpt.onmicrosoft.com> not found in PattiF@854jpt.onmicrosoft.com.

Searching for <5fb45624-eba5-4c20-ba44-99b051161889@854jpt.onmicrosoft.com> in PattiF@854jpt.onmicrosoft.com...
<5fb45624-eba5-4c20-ba44-99b051161889@854jpt.onmicrosoft.com> not found in PattiF@854jpt.onmicrosoft.com.

Searching for <da56d96c-8bdf-4a60-a21c-26d10fef6a07@854jpt.onmicrosoft.com> in PattiF@854jpt.onmicrosoft.com...
Message found. Parsing metadata & attempting to retrieving message content...
Message message content retrieved.

Searching for <d31463a9-dd3a-4643-9bb2-f21b4a1327e5@854jpt.onmicrosoft.com> in PattiF@854jpt.onmicrosoft.com...
Message found. Parsing metadata & attempting to retrieving message content...
Message message content retrieved.

Searching for <832cf089-17b2-4abd-a5da-415a370e0054@854jpt.onmicrosoft.com> in PattiF@854jpt.onmicrosoft.com...
Message found. Parsing metadata & attempting to retrieving message content...
Message message content retrieved.

Searching for <3b48bba2-2d97-4c4d-bcb4-3a7a96eb2123@854jpt.onmicrosoft.com> in PattiF@854jpt.onmicrosoft.com...
Message found. Parsing metadata & attempting to retrieving message content...
Message message content retrieved.

Searching for <ba6c0611-a201-438a-89a9-43f3cdb5f76d@BN3PEPF0000B371.namprd21.prod.outlook.com> in PattiF@854jpt.onmicrosoft.com...
<ba6c0611-a201-438a-89a9-43f3cdb5f76d@BN3PEPF0000B371.namprd21.prod.outlook.com> not found in PattiF@854jpt.onmicrosoft.com.

Searching for <dc562fd6-29b1-4911-9796-a05ca634fef0@854jpt.onmicrosoft.com> in PattiF@854jpt.onmicrosoft.com...
Message found. Parsing metadata & attempting to retrieving message content...
Message message content retrieved.

Searching for <dc562fd6-29b1-4911-9796-a05ca634fef0@854jpt.onmicrosoft.com> in PattiF@854jpt.onmicrosoft.com...
Message found. Parsing metadata & attempting to retrieving message content...
Message message content retrieved.

Searching for <BY5PR10MB37463FDDD74C54B81F7E1387A7CF2@BY5PR10MB3746.namprd10.prod.outlook.com> in PattiF@854jpt.onmicrosoft.com...
<BY5PR10MB37463FDDD74C54B81F7E1387A7CF2@BY5PR10MB3746.namprd10.prod.outlook.com> not found in PattiF@854jpt.onmicrosoft.com.

Searching for <ed45d007-d316-492f-a265-09475d5d2f9a@854jpt.onmicrosoft.com> in PattiF@854jpt.onmicrosoft.com...
Message found. Parsing metadata & attempting to retrieving message content...
Message message content retrieved.

Searching for <4f8ea0d9-73fa-419f-98c4-b98bec8cc268@854jpt.onmicrosoft.com> in PattiF@854jpt.onmicrosoft.com...
Message found. Parsing metadata & attempting to retrieving message content...
Message message content retrieved.

Searching for <fd855e73-6520-4322-957e-b8ca1d433cad@854jpt.onmicrosoft.com> in PattiF@854jpt.onmicrosoft.com...
Message found. Parsing metadata & attempting to retrieving message content...
Message message content retrieved.

Searching for <d6e5fef3-6e06-4066-ad5a-b3e01d13220c@854jpt.onmicrosoft.com> in PattiF@854jpt.onmicrosoft.com...
Message found. Parsing metadata & attempting to retrieving message content...
Message message content retrieved.

Searching for <8785474b-c073-4745-8d23-e64e8bdba359@854jpt.onmicrosoft.com> in PattiF@854jpt.onmicrosoft.com...
Message found. Parsing metadata & attempting to retrieving message content...
Message message content retrieved.

Searching for <070472c8-c203-4fbb-b570-7753c4a7e586@854jpt.onmicrosoft.com> in PattiF@854jpt.onmicrosoft.com...
Message found. Parsing metadata & attempting to retrieving message content...
Message message content retrieved.

Searching for <d057e741-ae7f-463f-abe8-a9a2ab1e29ac@854jpt.onmicrosoft.com> in PattiF@854jpt.onmicrosoft.com...
Message found. Parsing metadata & attempting to retrieving message content...
Message message content retrieved.

Searching for <fa22c69f-c94b-4fa6-81f7-be48328f061c@854jpt.onmicrosoft.com> in PattiF@854jpt.onmicrosoft.com...
Message found. Parsing metadata & attempting to retrieving message content...
Message message content retrieved.

Searching for <0dddd476-0968-458b-9566-47d1895ab012@BN3PEPF0000B371.namprd21.prod.outlook.com> in PradeepG@854jpt.onmicrosoft.com...
<0dddd476-0968-458b-9566-47d1895ab012@BN3PEPF0000B371.namprd21.prod.outlook.com> not found in PradeepG@854jpt.onmicrosoft.com.

Searching for <7dbf7de7-1d4e-4a65-868d-e42cb17b7351@MN1PEPF0000F0E3.namprd04.prod.outlook.com> in PradeepG@854jpt.onmicrosoft.com...
Message found. Parsing metadata & attempting to retrieving message content...
Message message content retrieved.

Searching for <c7d763b3-b849-4f29-ae16-6d3de954e831@854jpt.onmicrosoft.com> in PradeepG@854jpt.onmicrosoft.com...
Message found. Parsing metadata & attempting to retrieving message content...
Message message content retrieved.

Searching for <e009bdbc-b8e8-4d74-bd24-f6efc41483f6@854jpt.onmicrosoft.com> in PradeepG@854jpt.onmicrosoft.com...
Message found. Parsing metadata & attempting to retrieving message content...
Message message content retrieved.

Searching for <8fe2b886-7eff-4258-9d90-7b497ce67e93@854jpt.onmicrosoft.com> in PradeepG@854jpt.onmicrosoft.com...
Message found. Parsing metadata & attempting to retrieving message content...
Message message content retrieved.

Searching for <5b22b6a3-fde1-43bf-a6c7-33fa82b671d9@854jpt.onmicrosoft.com> in PradeepG@854jpt.onmicrosoft.com...
Message found. Parsing metadata & attempting to retrieving message content...
Message message content retrieved.

Searching for <7ed1b6bf-2b7d-43f6-ac0d-c259cbc4ba96@854jpt.onmicrosoft.com> in PradeepG@854jpt.onmicrosoft.com...
Message found. Parsing metadata & attempting to retrieving message content...
Message message content retrieved.

Searching for <a6f633b5-ed16-4d31-8616-519b69b32c7d@854jpt.onmicrosoft.com> in PradeepG@854jpt.onmicrosoft.com...
Message found. Parsing metadata & attempting to retrieving message content...
Message message content retrieved.

Searching for <4def848f-7dd9-4410-aa7a-003041712583@854jpt.onmicrosoft.com> in PradeepG@854jpt.onmicrosoft.com...
Message found. Parsing metadata & attempting to retrieving message content...
Message message content retrieved.

Searching for <477cb28e-1fd3-474e-aacf-c9c09c547363@854jpt.onmicrosoft.com> in PradeepG@854jpt.onmicrosoft.com...
Message found. Parsing metadata & attempting to retrieving message content...
Message message content retrieved.

Searching for <2e87a629-c2f4-4fc4-af41-f8f29bc9cc1b@854jpt.onmicrosoft.com> in PradeepG@854jpt.onmicrosoft.com...
Message found. Parsing metadata & attempting to retrieving message content...
Message message content retrieved.

Searching for <45fda60d-ef62-4dd7-89f5-2bd9261ffff2@854jpt.onmicrosoft.com> in PradeepG@854jpt.onmicrosoft.com...
<45fda60d-ef62-4dd7-89f5-2bd9261ffff2@854jpt.onmicrosoft.com> not found in PradeepG@854jpt.onmicrosoft.com.

Searching for <45fda60d-ef62-4dd7-89f5-2bd9261ffff2@854jpt.onmicrosoft.com> in PradeepG@854jpt.onmicrosoft.com...
<45fda60d-ef62-4dd7-89f5-2bd9261ffff2@854jpt.onmicrosoft.com> not found in PradeepG@854jpt.onmicrosoft.com.

Searching for <dc562fd6-29b1-4911-9796-a05ca634fef0@854jpt.onmicrosoft.com> in PradeepG@854jpt.onmicrosoft.com...
<dc562fd6-29b1-4911-9796-a05ca634fef0@854jpt.onmicrosoft.com> not found in PradeepG@854jpt.onmicrosoft.com.

Searching for <4f67c8e6-535a-43d4-b8a4-5cd6a7bcb994@854jpt.onmicrosoft.com> in PradeepG@854jpt.onmicrosoft.com...
<4f67c8e6-535a-43d4-b8a4-5cd6a7bcb994@854jpt.onmicrosoft.com> not found in PradeepG@854jpt.onmicrosoft.com.

Searching for <477cb28e-1fd3-474e-aacf-c9c09c547363@854jpt.onmicrosoft.com> in PradeepG@854jpt.onmicrosoft.com...
Message found. Parsing metadata & attempting to retrieving message content...
Message message content retrieved.

Searching for <05712de0-a22f-4471-8c0b-1a9c5627937d@854jpt.onmicrosoft.com> in PradeepG@854jpt.onmicrosoft.com...
<05712de0-a22f-4471-8c0b-1a9c5627937d@854jpt.onmicrosoft.com> not found in PradeepG@854jpt.onmicrosoft.com.

Searching for <9fb6d025-fbb7-45e9-a351-5368d67d225c@854jpt.onmicrosoft.com> in PradeepG@854jpt.onmicrosoft.com...
<9fb6d025-fbb7-45e9-a351-5368d67d225c@854jpt.onmicrosoft.com> not found in PradeepG@854jpt.onmicrosoft.com.

Searching for <8d822f3a-9e8f-4757-ac80-2f400c70a139@854jpt.onmicrosoft.com> in PradeepG@854jpt.onmicrosoft.com...
<8d822f3a-9e8f-4757-ac80-2f400c70a139@854jpt.onmicrosoft.com> not found in PradeepG@854jpt.onmicrosoft.com.

Searching for <9c77b403-12db-42c6-b8e8-ec5100720cab@854jpt.onmicrosoft.com> in PradeepG@854jpt.onmicrosoft.com...
<9c77b403-12db-42c6-b8e8-ec5100720cab@854jpt.onmicrosoft.com> not found in PradeepG@854jpt.onmicrosoft.com.

Searching for <d80de07c-9588-4d70-82e1-24210566ad83@854jpt.onmicrosoft.com> in PradeepG@854jpt.onmicrosoft.com...
<d80de07c-9588-4d70-82e1-24210566ad83@854jpt.onmicrosoft.com> not found in PradeepG@854jpt.onmicrosoft.com.

Searching for <9c888c6e-c7ea-4691-8917-1a6cf33c9e8c@854jpt.onmicrosoft.com> in PradeepG@854jpt.onmicrosoft.com...
<9c888c6e-c7ea-4691-8917-1a6cf33c9e8c@854jpt.onmicrosoft.com> not found in PradeepG@854jpt.onmicrosoft.com.

Searching for <a2ab3c98-a8d7-448c-b13d-d659e3cdd149@854jpt.onmicrosoft.com> in PradeepG@854jpt.onmicrosoft.com...
<a2ab3c98-a8d7-448c-b13d-d659e3cdd149@854jpt.onmicrosoft.com> not found in PradeepG@854jpt.onmicrosoft.com.

Searching for <0dda4e20-4659-4856-acd1-5c28622ea42a@854jpt.onmicrosoft.com> in PradeepG@854jpt.onmicrosoft.com...
<0dda4e20-4659-4856-acd1-5c28622ea42a@854jpt.onmicrosoft.com> not found in PradeepG@854jpt.onmicrosoft.com.

Searching for <709c7ff2-9902-42c2-b3fc-f850081baa78@854jpt.onmicrosoft.com> in PradeepG@854jpt.onmicrosoft.com...
<709c7ff2-9902-42c2-b3fc-f850081baa78@854jpt.onmicrosoft.com> not found in PradeepG@854jpt.onmicrosoft.com.

Searching for <73fac190-309d-4c26-be14-279f91581e32@854jpt.onmicrosoft.com> in PradeepG@854jpt.onmicrosoft.com...
<73fac190-309d-4c26-be14-279f91581e32@854jpt.onmicrosoft.com> not found in PradeepG@854jpt.onmicrosoft.com.

Searching for <8fe2b886-7eff-4258-9d90-7b497ce67e93@854jpt.onmicrosoft.com> in PradeepG@854jpt.onmicrosoft.com...
Message found. Parsing metadata & attempting to retrieving message content...
Message message content retrieved.

Searching for <2377068c-9d63-44e3-a2a6-708f5aed8204@854jpt.onmicrosoft.com> in PradeepG@854jpt.onmicrosoft.com...
Message found. Parsing metadata & attempting to retrieving message content...
Message message content retrieved.

Searching for <7405f919-5796-431d-a0d8-2a671c543905@854jpt.onmicrosoft.com> in PradeepG@854jpt.onmicrosoft.com...
Message found. Parsing metadata & attempting to retrieving message content...
Message message content retrieved.

Searching for <2e87a629-c2f4-4fc4-af41-f8f29bc9cc1b@854jpt.onmicrosoft.com> in PradeepG@854jpt.onmicrosoft.com...
Message found. Parsing metadata & attempting to retrieving message content...
Message message content retrieved.

Searching for <ac1723d3-6359-4021-ae5a-fc08febd9fdb@854jpt.onmicrosoft.com> in PradeepG@854jpt.onmicrosoft.com...
Message found. Parsing metadata & attempting to retrieving message content...
Message message content retrieved.

Searching for <2eb53355-095a-4b91-a87d-e5cb2520f59d@854jpt.onmicrosoft.com> in PradeepG@854jpt.onmicrosoft.com...
Message found. Parsing metadata & attempting to retrieving message content...
Message message content retrieved.

Searching for <cd74de49-232f-49d6-aac1-3d31025def48@854jpt.onmicrosoft.com> in PradeepG@854jpt.onmicrosoft.com...
Message found. Parsing metadata & attempting to retrieving message content...
Message message content retrieved.

Searching for <7405f919-5796-431d-a0d8-2a671c543905@854jpt.onmicrosoft.com> in PradeepG@854jpt.onmicrosoft.com...
Message found. Parsing metadata & attempting to retrieving message content...
Message message content retrieved.

Searching for <2377068c-9d63-44e3-a2a6-708f5aed8204@854jpt.onmicrosoft.com> in PradeepG@854jpt.onmicrosoft.com...
Message found. Parsing metadata & attempting to retrieving message content...
Message message content retrieved.

Searching for <2e87a629-c2f4-4fc4-af41-f8f29bc9cc1b@854jpt.onmicrosoft.com> in PradeepG@854jpt.onmicrosoft.com...
Message found. Parsing metadata & attempting to retrieving message content...
Message message content retrieved.

Searching for <BY5PR10MB3746E1F0FD0539E21C052071A7CF2@BY5PR10MB3746.namprd10.prod.outlook.com> in PradeepG@854jpt.onmicrosoft.com...
<BY5PR10MB3746E1F0FD0539E21C052071A7CF2@BY5PR10MB3746.namprd10.prod.outlook.com> not found in PradeepG@854jpt.onmicrosoft.com.

Searching for <ae34161f-f8a6-4be2-8558-8d2b6c401ca3@MN1PEPF0000F0E3.namprd04.prod.outlook.com> in PradeepG@854jpt.onmicrosoft.com...
<ae34161f-f8a6-4be2-8558-8d2b6c401ca3@MN1PEPF0000F0E3.namprd04.prod.outlook.com> not found in PradeepG@854jpt.onmicrosoft.com.

Searching for <c7d763b3-b849-4f29-ae16-6d3de954e831@854jpt.onmicrosoft.com> in PradeepG@854jpt.onmicrosoft.com...
Message found. Parsing metadata & attempting to retrieving message content...
Message message content retrieved.

Searching for <0d96379d-d2d5-4e52-b323-3829231229ea@854jpt.onmicrosoft.com> in PradeepG@854jpt.onmicrosoft.com...
<0d96379d-d2d5-4e52-b323-3829231229ea@854jpt.onmicrosoft.com> not found in PradeepG@854jpt.onmicrosoft.com.

Searching for <d9dda4b9-f6c8-459c-a337-aea02ef775a3@854jpt.onmicrosoft.com> in PradeepG@854jpt.onmicrosoft.com...
<d9dda4b9-f6c8-459c-a337-aea02ef775a3@854jpt.onmicrosoft.com> not found in PradeepG@854jpt.onmicrosoft.com.

Searching for <1df67f41-130a-4137-b0be-0a8f07e84631@854jpt.onmicrosoft.com> in PradeepG@854jpt.onmicrosoft.com...
<1df67f41-130a-4137-b0be-0a8f07e84631@854jpt.onmicrosoft.com> not found in PradeepG@854jpt.onmicrosoft.com.

Searching for <467dc11e-ca38-496d-9f7f-4d55812afa64@854jpt.onmicrosoft.com> in PradeepG@854jpt.onmicrosoft.com...
<467dc11e-ca38-496d-9f7f-4d55812afa64@854jpt.onmicrosoft.com> not found in PradeepG@854jpt.onmicrosoft.com.

Searching for <85496e96-33f0-4709-8410-55b3e99d403f@854jpt.onmicrosoft.com> in PradeepG@854jpt.onmicrosoft.com...
<85496e96-33f0-4709-8410-55b3e99d403f@854jpt.onmicrosoft.com> not found in PradeepG@854jpt.onmicrosoft.com.

Searching for <3121cb0d-054e-4acb-92a7-c133833aef29@854jpt.onmicrosoft.com> in PradeepG@854jpt.onmicrosoft.com...
<3121cb0d-054e-4acb-92a7-c133833aef29@854jpt.onmicrosoft.com> not found in PradeepG@854jpt.onmicrosoft.com.

Searching for <0b63639a-b028-4bc7-ad24-ae17acd3fcb7@854jpt.onmicrosoft.com> in PradeepG@854jpt.onmicrosoft.com...
<0b63639a-b028-4bc7-ad24-ae17acd3fcb7@854jpt.onmicrosoft.com> not found in PradeepG@854jpt.onmicrosoft.com.

Searching for <4990c53c-4140-41bf-a461-7f8b1cf8f690@854jpt.onmicrosoft.com> in PradeepG@854jpt.onmicrosoft.com...
<4990c53c-4140-41bf-a461-7f8b1cf8f690@854jpt.onmicrosoft.com> not found in PradeepG@854jpt.onmicrosoft.com.

Searching for <b8fc7c22-857b-4e72-ba6a-dc44998d67d7@854jpt.onmicrosoft.com> in PradeepG@854jpt.onmicrosoft.com...
Message found. Parsing metadata & attempting to retrieving message content...
Message message content retrieved.

Searching for <c2c2ab9e-3b37-446e-9f18-b1b5f06e313b@854jpt.onmicrosoft.com> in PradeepG@854jpt.onmicrosoft.com...
Message found. Parsing metadata & attempting to retrieving message content...
Message message content retrieved.

Searching for <BY5PR10MB3746CDC7ACFA92EDF49C3F7FA7CF2@BY5PR10MB3746.namprd10.prod.outlook.com> in PradeepG@854jpt.onmicrosoft.com...
<BY5PR10MB3746CDC7ACFA92EDF49C3F7FA7CF2@BY5PR10MB3746.namprd10.prod.outlook.com> not found in PradeepG@854jpt.onmicrosoft.com.

Searching for <c34389f0-d4e5-4864-b70d-ba55bab08830@854jpt.onmicrosoft.com> in PradeepG@854jpt.onmicrosoft.com...
Message found. Parsing metadata & attempting to retrieving message content...
Message message content retrieved.

Searching for <ce7744b8-765f-4e2f-b137-5f09c2e31605@854jpt.onmicrosoft.com> in PradeepG@854jpt.onmicrosoft.com...
Message found. Parsing metadata & attempting to retrieving message content...
Message message content retrieved.

Searching for <9dfca31f-f976-46b2-90b0-df9fbb9db50a@854jpt.onmicrosoft.com> in PradeepG@854jpt.onmicrosoft.com...
Message found. Parsing metadata & attempting to retrieving message content...
Message message content retrieved.

Searching for <5fb45624-eba5-4c20-ba44-99b051161889@854jpt.onmicrosoft.com> in PradeepG@854jpt.onmicrosoft.com...
Message found. Parsing metadata & attempting to retrieving message content...
Message message content retrieved.

Searching for <da56d96c-8bdf-4a60-a21c-26d10fef6a07@854jpt.onmicrosoft.com> in PradeepG@854jpt.onmicrosoft.com...
<da56d96c-8bdf-4a60-a21c-26d10fef6a07@854jpt.onmicrosoft.com> not found in PradeepG@854jpt.onmicrosoft.com.

Searching for <d31463a9-dd3a-4643-9bb2-f21b4a1327e5@854jpt.onmicrosoft.com> in PradeepG@854jpt.onmicrosoft.com...
<d31463a9-dd3a-4643-9bb2-f21b4a1327e5@854jpt.onmicrosoft.com> not found in PradeepG@854jpt.onmicrosoft.com.

Searching for <832cf089-17b2-4abd-a5da-415a370e0054@854jpt.onmicrosoft.com> in PradeepG@854jpt.onmicrosoft.com...
<832cf089-17b2-4abd-a5da-415a370e0054@854jpt.onmicrosoft.com> not found in PradeepG@854jpt.onmicrosoft.com.

Searching for <3b48bba2-2d97-4c4d-bcb4-3a7a96eb2123@854jpt.onmicrosoft.com> in PradeepG@854jpt.onmicrosoft.com...
<3b48bba2-2d97-4c4d-bcb4-3a7a96eb2123@854jpt.onmicrosoft.com> not found in PradeepG@854jpt.onmicrosoft.com.

Searching for <ba6c0611-a201-438a-89a9-43f3cdb5f76d@BN3PEPF0000B371.namprd21.prod.outlook.com> in PradeepG@854jpt.onmicrosoft.com...
<ba6c0611-a201-438a-89a9-43f3cdb5f76d@BN3PEPF0000B371.namprd21.prod.outlook.com> not found in PradeepG@854jpt.onmicrosoft.com.

Searching for <dc562fd6-29b1-4911-9796-a05ca634fef0@854jpt.onmicrosoft.com> in PradeepG@854jpt.onmicrosoft.com...
<dc562fd6-29b1-4911-9796-a05ca634fef0@854jpt.onmicrosoft.com> not found in PradeepG@854jpt.onmicrosoft.com.

Searching for <dc562fd6-29b1-4911-9796-a05ca634fef0@854jpt.onmicrosoft.com> in PradeepG@854jpt.onmicrosoft.com...
<dc562fd6-29b1-4911-9796-a05ca634fef0@854jpt.onmicrosoft.com> not found in PradeepG@854jpt.onmicrosoft.com.

Searching for <BY5PR10MB37463FDDD74C54B81F7E1387A7CF2@BY5PR10MB3746.namprd10.prod.outlook.com> in PradeepG@854jpt.onmicrosoft.com...
<BY5PR10MB37463FDDD74C54B81F7E1387A7CF2@BY5PR10MB3746.namprd10.prod.outlook.com> not found in PradeepG@854jpt.onmicrosoft.com.

Searching for <ed45d007-d316-492f-a265-09475d5d2f9a@854jpt.onmicrosoft.com> in PradeepG@854jpt.onmicrosoft.com...
<ed45d007-d316-492f-a265-09475d5d2f9a@854jpt.onmicrosoft.com> not found in PradeepG@854jpt.onmicrosoft.com.

Searching for <4f8ea0d9-73fa-419f-98c4-b98bec8cc268@854jpt.onmicrosoft.com> in PradeepG@854jpt.onmicrosoft.com...
<4f8ea0d9-73fa-419f-98c4-b98bec8cc268@854jpt.onmicrosoft.com> not found in PradeepG@854jpt.onmicrosoft.com.

Searching for <fd855e73-6520-4322-957e-b8ca1d433cad@854jpt.onmicrosoft.com> in PradeepG@854jpt.onmicrosoft.com...
<fd855e73-6520-4322-957e-b8ca1d433cad@854jpt.onmicrosoft.com> not found in PradeepG@854jpt.onmicrosoft.com.

Searching for <d6e5fef3-6e06-4066-ad5a-b3e01d13220c@854jpt.onmicrosoft.com> in PradeepG@854jpt.onmicrosoft.com...
Message found. Parsing metadata & attempting to retrieving message content...
Message message content retrieved.

Searching for <8785474b-c073-4745-8d23-e64e8bdba359@854jpt.onmicrosoft.com> in PradeepG@854jpt.onmicrosoft.com...
<8785474b-c073-4745-8d23-e64e8bdba359@854jpt.onmicrosoft.com> not found in PradeepG@854jpt.onmicrosoft.com.

Searching for <070472c8-c203-4fbb-b570-7753c4a7e586@854jpt.onmicrosoft.com> in PradeepG@854jpt.onmicrosoft.com...
<070472c8-c203-4fbb-b570-7753c4a7e586@854jpt.onmicrosoft.com> not found in PradeepG@854jpt.onmicrosoft.com.

Searching for <d057e741-ae7f-463f-abe8-a9a2ab1e29ac@854jpt.onmicrosoft.com> in PradeepG@854jpt.onmicrosoft.com...
<d057e741-ae7f-463f-abe8-a9a2ab1e29ac@854jpt.onmicrosoft.com> not found in PradeepG@854jpt.onmicrosoft.com.

Searching for <fa22c69f-c94b-4fa6-81f7-be48328f061c@854jpt.onmicrosoft.com> in PradeepG@854jpt.onmicrosoft.com...
<fa22c69f-c94b-4fa6-81f7-be48328f061c@854jpt.onmicrosoft.com> not found in PradeepG@854jpt.onmicrosoft.com.

 Message metadata index file is available at:
C:\Users\Bitpusher\Desktop\Incident Investigation Files\Scenario X\waverly - log collection\PattiF@854jpt.onmicrosoft.com-PradeepG@854jpt.onmicrosoft.com_MessageIndex_20260731204558.csv
Search & retrieval of messages by ID complete.
Seconds elapsed for script execution: 63.8929967

Done! Check output path for results.

==================== RUN MANIFEST ====================
Script          : Search-MailboxMessage v5.1.0 - DEF CON edition - last updated 2026-07-31
Operator        : PROTEUS\Bitpusher
Computer        : PROTEUS
Tenant          : eb174bbc-fe94-4978-95b9-a616457dd489
Graph scopes    : Agreement.Read.All, Application.Read.All, Application.ReadWrite.All, AppRoleAssignment.ReadWrite.All, AuditLog.Read.All, AuditLogsQuery.Read.All, DelegatedPermissionGrant.Read.All, DelegatedPermissionGrant.ReadWrite.All, Directory.AccessAsUser.All, Directory.Read.All, Directory.ReadWrite.All, Domain.Read.All, Files.Read.All, Files.ReadWrite.All, Group.Read.All, Group.ReadWrite.All, GroupMember.Read.All, IdentityRiskEvent.Read.All, IdentityRiskyUser.Read.All, IdentityRiskyUser.ReadWrite.All, Mail.Read, Mail.Send, openid, Organization.Read.All, Organization.ReadWrite.All, Policy.Read.All, Policy.Read.ConditionalAccess, Policy.ReadWrite.ConditionalAccess, profile, Reports.Read.All, RoleManagement.Read.Directory, SecurityEvents.Read.All, SecurityEvents.ReadWrite.All, Sites.Read.All, Sites.ReadWrite.All, User.Read, User.Read.All, User.ReadWrite.All, UserAuthenticationMethod.Read.All, UserAuthenticationMethod.ReadWrite.All, email
Cred source     : MailAppInfo.json
UTC start       : 2026-08-01 03:45:58Z
UTC stop        : 2026-08-01 03:47:02Z
Elapsed seconds : 63.89
Output files (SHA256):
  890CA92FABE797A6944E779850056A7DCA7CFBDD4B193D9B65F9D5D466A4E96C  C:\Users\Bitpusher\Desktop\Incident Investigation Files\Scenario X\waverly - log collection\PattiF@854jpt.onmicrosoft.com-PradeepG@854jpt.onmicrosoft.com_MessageIndex_20260731204558.csv
  60C1E3786B4A654A70D5945DF87FBF8546FCC3B09E3E9A7683E35FAB8C37F416  C:\Users\Bitpusher\Desktop\Incident Investigation Files\Scenario X\waverly - log collection\Messages_20260731204558\PattiF@854jpt.onmicrosoft.com_05712de0-a22f-4471-8c0b-1a9c5627937d@854jpt.onmicrosoft.com.eml
  DBE14B25C9C6255AF5DADC1AD9566E9BA68438854B6104F558F393E9B1D02702  C:\Users\Bitpusher\Desktop\Incident Investigation Files\Scenario X\waverly - log collection\Messages_20260731204558\PattiF@854jpt.onmicrosoft.com_070472c8-c203-4fbb-b570-7753c4a7e586@854jpt.onmicrosoft.com.eml
  7E7E090C435AC955AEDD20C7CFFFFC7A94EF03754585D5CB9903A1068D63A24E  C:\Users\Bitpusher\Desktop\Incident Investigation Files\Scenario X\waverly - log collection\Messages_20260731204558\PattiF@854jpt.onmicrosoft.com_0b63639a-b028-4bc7-ad24-ae17acd3fcb7@854jpt.onmicrosoft.com.eml
  251EBACA0BC68DE471AE031EFE0FF06EF9AD4F68067DA124A59C421B67BAD3CC  C:\Users\Bitpusher\Desktop\Incident Investigation Files\Scenario X\waverly - log collection\Messages_20260731204558\PattiF@854jpt.onmicrosoft.com_0d96379d-d2d5-4e52-b323-3829231229ea@854jpt.onmicrosoft.com.eml
  893B843551755CFA6125A39DF0A1297B136CE9DF9F984FA913B0D41E127A3BBD  C:\Users\Bitpusher\Desktop\Incident Investigation Files\Scenario X\waverly - log collection\Messages_20260731204558\PattiF@854jpt.onmicrosoft.com_0dda4e20-4659-4856-acd1-5c28622ea42a@854jpt.onmicrosoft.com.eml
  5D632AA71FB8FC91BECAEED0D802D410F0A4FFF3CFE02CF1E08CB31865CC60A3  C:\Users\Bitpusher\Desktop\Incident Investigation Files\Scenario X\waverly - log collection\Messages_20260731204558\PattiF@854jpt.onmicrosoft.com_1df67f41-130a-4137-b0be-0a8f07e84631@854jpt.onmicrosoft.com.eml
  A97EE579EB0AF29A47AA82BB24BBBC048750AF86F608589373BE3728A8A1AB4E  C:\Users\Bitpusher\Desktop\Incident Investigation Files\Scenario X\waverly - log collection\Messages_20260731204558\PattiF@854jpt.onmicrosoft.com_2377068c-9d63-44e3-a2a6-708f5aed8204@854jpt.onmicrosoft.com.eml
  91F37885DF0D46D8AAFCD048EAA0DD0DF765D943FB4A3E3D4E04FC657610A326  C:\Users\Bitpusher\Desktop\Incident Investigation Files\Scenario X\waverly - log collection\Messages_20260731204558\PattiF@854jpt.onmicrosoft.com_2e87a629-c2f4-4fc4-af41-f8f29bc9cc1b@854jpt.onmicrosoft.com.eml
  62D00FD72B925E0CCE8EB59B0BD256BC2145560B129FEE9F0861750BC6383873  C:\Users\Bitpusher\Desktop\Incident Investigation Files\Scenario X\waverly - log collection\Messages_20260731204558\PattiF@854jpt.onmicrosoft.com_2eb53355-095a-4b91-a87d-e5cb2520f59d@854jpt.onmicrosoft.com.eml
  7C0789FE653E12A00C6313BE20B58198895998716BC8EDD510D4A82F8C875298  C:\Users\Bitpusher\Desktop\Incident Investigation Files\Scenario X\waverly - log collection\Messages_20260731204558\PattiF@854jpt.onmicrosoft.com_3121cb0d-054e-4acb-92a7-c133833aef29@854jpt.onmicrosoft.com.eml
  0BCAB72A6EF1A683BF2ABB01E8F6DB0DF116A4F984ADBEB7C8287B23317A128A  C:\Users\Bitpusher\Desktop\Incident Investigation Files\Scenario X\waverly - log collection\Messages_20260731204558\PattiF@854jpt.onmicrosoft.com_3b48bba2-2d97-4c4d-bcb4-3a7a96eb2123@854jpt.onmicrosoft.com.eml
  1D14ED8A5D09EA9B0C23D2CFBB1A955C28DAB9FB9541B0350F9F782A8F71D01E  C:\Users\Bitpusher\Desktop\Incident Investigation Files\Scenario X\waverly - log collection\Messages_20260731204558\PattiF@854jpt.onmicrosoft.com_45fda60d-ef62-4dd7-89f5-2bd9261ffff2@854jpt.onmicrosoft.com.eml
  8FFDA422FF91C960CDE3D3D1B5527D29831D807B02C37AAFE4842D287ADED64B  C:\Users\Bitpusher\Desktop\Incident Investigation Files\Scenario X\waverly - log collection\Messages_20260731204558\PattiF@854jpt.onmicrosoft.com_467dc11e-ca38-496d-9f7f-4d55812afa64@854jpt.onmicrosoft.com.eml
  DF11EF260CFE0244691E6A7048A6EC01422915D00693CDBD63F9D2A5A0C7FBCD  C:\Users\Bitpusher\Desktop\Incident Investigation Files\Scenario X\waverly - log collection\Messages_20260731204558\PattiF@854jpt.onmicrosoft.com_477cb28e-1fd3-474e-aacf-c9c09c547363@854jpt.onmicrosoft.com.eml
  A5E102689A37F0CA257B52A77805D6E069F41BAB942D56F4481BC67E89DEA171  C:\Users\Bitpusher\Desktop\Incident Investigation Files\Scenario X\waverly - log collection\Messages_20260731204558\PattiF@854jpt.onmicrosoft.com_4990c53c-4140-41bf-a461-7f8b1cf8f690@854jpt.onmicrosoft.com.eml
  4B7A562E222FABD4E5AB751F7CB9468E09B92F09DECDB0C58429DEA17808C2F6  C:\Users\Bitpusher\Desktop\Incident Investigation Files\Scenario X\waverly - log collection\Messages_20260731204558\PattiF@854jpt.onmicrosoft.com_4f67c8e6-535a-43d4-b8a4-5cd6a7bcb994@854jpt.onmicrosoft.com.eml
  FD1C13CD3C89BC6D6FA2C0291860AA84ABC9BEB16B1DCB97DA3127C2707CFC66  C:\Users\Bitpusher\Desktop\Incident Investigation Files\Scenario X\waverly - log collection\Messages_20260731204558\PattiF@854jpt.onmicrosoft.com_4f8ea0d9-73fa-419f-98c4-b98bec8cc268@854jpt.onmicrosoft.com.eml
  49891446EBC3A034999B66D5742DE5E4555E283603F52B992D8272AEB9E88BB2  C:\Users\Bitpusher\Desktop\Incident Investigation Files\Scenario X\waverly - log collection\Messages_20260731204558\PattiF@854jpt.onmicrosoft.com_709c7ff2-9902-42c2-b3fc-f850081baa78@854jpt.onmicrosoft.com.eml
  F5776589AF9961358DB71D6B32AD4BE3BC4FB0C33F039510BBF691580053A077  C:\Users\Bitpusher\Desktop\Incident Investigation Files\Scenario X\waverly - log collection\Messages_20260731204558\PattiF@854jpt.onmicrosoft.com_73fac190-309d-4c26-be14-279f91581e32@854jpt.onmicrosoft.com.eml
  C761C234AE3287AAE1263AE6CD4C3D2BB020596147161641B8EF5AB24ADB62D3  C:\Users\Bitpusher\Desktop\Incident Investigation Files\Scenario X\waverly - log collection\Messages_20260731204558\PattiF@854jpt.onmicrosoft.com_7405f919-5796-431d-a0d8-2a671c543905@854jpt.onmicrosoft.com.eml
  73F89243935AA9611078694FFADA423D708D02D24FFCB15ACED1279528561EB8  C:\Users\Bitpusher\Desktop\Incident Investigation Files\Scenario X\waverly - log collection\Messages_20260731204558\PattiF@854jpt.onmicrosoft.com_832cf089-17b2-4abd-a5da-415a370e0054@854jpt.onmicrosoft.com.eml
  16983AC26E9351CEC08F5B5465C537C7D8CBF840EF5627EEFBD771B9F539BBDE  C:\Users\Bitpusher\Desktop\Incident Investigation Files\Scenario X\waverly - log collection\Messages_20260731204558\PattiF@854jpt.onmicrosoft.com_85496e96-33f0-4709-8410-55b3e99d403f@854jpt.onmicrosoft.com.eml
  76EFA58FB53430AD2742EF2EEE19B33E42BA6E5344F1D36FD124A4ECD1D39BD7  C:\Users\Bitpusher\Desktop\Incident Investigation Files\Scenario X\waverly - log collection\Messages_20260731204558\PattiF@854jpt.onmicrosoft.com_8785474b-c073-4745-8d23-e64e8bdba359@854jpt.onmicrosoft.com.eml
  7157E79DA9F3694AF02E07E9CE05A1CD611D5F17FF594DE587E868ED7AFBA9B1  C:\Users\Bitpusher\Desktop\Incident Investigation Files\Scenario X\waverly - log collection\Messages_20260731204558\PattiF@854jpt.onmicrosoft.com_8d822f3a-9e8f-4757-ac80-2f400c70a139@854jpt.onmicrosoft.com.eml
  5DD65BE04BE1D51A46C7F64C1CD89752F6852FF8AD83E086CB8DFF8692494711  C:\Users\Bitpusher\Desktop\Incident Investigation Files\Scenario X\waverly - log collection\Messages_20260731204558\PattiF@854jpt.onmicrosoft.com_9c77b403-12db-42c6-b8e8-ec5100720cab@854jpt.onmicrosoft.com.eml
  CE6DFB6DDE0A00978CB24A1EB7152DC80DB2F3B87736447DDDF62B847DBE5ACE  C:\Users\Bitpusher\Desktop\Incident Investigation Files\Scenario X\waverly - log collection\Messages_20260731204558\PattiF@854jpt.onmicrosoft.com_9c888c6e-c7ea-4691-8917-1a6cf33c9e8c@854jpt.onmicrosoft.com.eml
  B461871A79FF925F62E02FDEEB2076B4D634719F15A176FCB7BD604D06A834EA  C:\Users\Bitpusher\Desktop\Incident Investigation Files\Scenario X\waverly - log collection\Messages_20260731204558\PattiF@854jpt.onmicrosoft.com_9fb6d025-fbb7-45e9-a351-5368d67d225c@854jpt.onmicrosoft.com.eml
  3BF7D30D8021D260C9F5C046C5A7B73F083CA072B87BC4F32014630829C7497D  C:\Users\Bitpusher\Desktop\Incident Investigation Files\Scenario X\waverly - log collection\Messages_20260731204558\PattiF@854jpt.onmicrosoft.com_a2ab3c98-a8d7-448c-b13d-d659e3cdd149@854jpt.onmicrosoft.com.eml
  0E6E154AC7A12919FC1B20C2C1EF7DB4FC8CB7DF9F0CFD50F9B431E27AEA4EED  C:\Users\Bitpusher\Desktop\Incident Investigation Files\Scenario X\waverly - log collection\Messages_20260731204558\PattiF@854jpt.onmicrosoft.com_ac1723d3-6359-4021-ae5a-fc08febd9fdb@854jpt.onmicrosoft.com.eml
  43467343094517F2F882571D2A14EB770B9C68534C5DDE488F4E4243AD152503  C:\Users\Bitpusher\Desktop\Incident Investigation Files\Scenario X\waverly - log collection\Messages_20260731204558\PattiF@854jpt.onmicrosoft.com_ae34161f-f8a6-4be2-8558-8d2b6c401ca3@MN1PEPF0000F0E3.namprd04.prod.outlook.com.eml
  30FBB703D215BFAF1762DC250C283D935C6A60BE069830BE007194F6232186A5  C:\Users\Bitpusher\Desktop\Incident Investigation Files\Scenario X\waverly - log collection\Messages_20260731204558\PattiF@854jpt.onmicrosoft.com_b8fc7c22-857b-4e72-ba6a-dc44998d67d7@854jpt.onmicrosoft.com.eml
  09F3FFE14002EEF1867FEE2385BBAE31031055D8B544E5198D31CAD40C998205  C:\Users\Bitpusher\Desktop\Incident Investigation Files\Scenario X\waverly - log collection\Messages_20260731204558\PattiF@854jpt.onmicrosoft.com_BY5PR10MB3746E1F0FD0539E21C052071A7CF2@BY5PR10MB3746.namprd10.prod.outlook.com.eml
  6F6F153199E8C18991FFAE8D47618B060388BC634618E11B90CB5A1098FDD33F  C:\Users\Bitpusher\Desktop\Incident Investigation Files\Scenario X\waverly - log collection\Messages_20260731204558\PattiF@854jpt.onmicrosoft.com_c2c2ab9e-3b37-446e-9f18-b1b5f06e313b@854jpt.onmicrosoft.com.eml
  A8AC445907F96F03581B565D9A0E0595C9D79C3AD2A34D4E074E0716FA61AB93  C:\Users\Bitpusher\Desktop\Incident Investigation Files\Scenario X\waverly - log collection\Messages_20260731204558\PattiF@854jpt.onmicrosoft.com_c7d763b3-b849-4f29-ae16-6d3de954e831@854jpt.onmicrosoft.com.eml
  574A259E49E7F187E81E8918AD6C81EE97B065EF2C50B2FB9ECEDF937CFD5607  C:\Users\Bitpusher\Desktop\Incident Investigation Files\Scenario X\waverly - log collection\Messages_20260731204558\PattiF@854jpt.onmicrosoft.com_cd74de49-232f-49d6-aac1-3d31025def48@854jpt.onmicrosoft.com.eml
  0CA880E34DEFA4587618E162BB374F6BC6353AA159CC8B1F3F1988BDF33ED867  C:\Users\Bitpusher\Desktop\Incident Investigation Files\Scenario X\waverly - log collection\Messages_20260731204558\PattiF@854jpt.onmicrosoft.com_d057e741-ae7f-463f-abe8-a9a2ab1e29ac@854jpt.onmicrosoft.com.eml
  BDC409D1538B4BBE364D00493B531E6273FC98DF73EA9AD2DBFC3EE9D81F8627  C:\Users\Bitpusher\Desktop\Incident Investigation Files\Scenario X\waverly - log collection\Messages_20260731204558\PattiF@854jpt.onmicrosoft.com_d31463a9-dd3a-4643-9bb2-f21b4a1327e5@854jpt.onmicrosoft.com.eml
  71D4AC207351DC980A221E51531FD32FE2B376B94F9C8DC63239375703F659BD  C:\Users\Bitpusher\Desktop\Incident Investigation Files\Scenario X\waverly - log collection\Messages_20260731204558\PattiF@854jpt.onmicrosoft.com_d6e5fef3-6e06-4066-ad5a-b3e01d13220c@854jpt.onmicrosoft.com.eml
  3255118EDBBCA119DEAA127A0F810C3A75CFA2D3A9CDF47C4029ADC0CFC3CA80  C:\Users\Bitpusher\Desktop\Incident Investigation Files\Scenario X\waverly - log collection\Messages_20260731204558\PattiF@854jpt.onmicrosoft.com_d80de07c-9588-4d70-82e1-24210566ad83@854jpt.onmicrosoft.com.eml
  ABA6CC143FB02615FEE742046060CB79A70A30D058B81545E4072B1A1EEB3FDA  C:\Users\Bitpusher\Desktop\Incident Investigation Files\Scenario X\waverly - log collection\Messages_20260731204558\PattiF@854jpt.onmicrosoft.com_d9dda4b9-f6c8-459c-a337-aea02ef775a3@854jpt.onmicrosoft.com.eml
  634013E17ACA5211951D88CAF580551A1D363C6205BDBBC7F1466E45CABD6B0E  C:\Users\Bitpusher\Desktop\Incident Investigation Files\Scenario X\waverly - log collection\Messages_20260731204558\PattiF@854jpt.onmicrosoft.com_da56d96c-8bdf-4a60-a21c-26d10fef6a07@854jpt.onmicrosoft.com.eml
  64F28E2053CAFCBEBBBBE4DE65FD0E17822E0BB2FA949F70DBF874F32AF8BD2D  C:\Users\Bitpusher\Desktop\Incident Investigation Files\Scenario X\waverly - log collection\Messages_20260731204558\PattiF@854jpt.onmicrosoft.com_dc562fd6-29b1-4911-9796-a05ca634fef0@854jpt.onmicrosoft.com.eml
  74111B67B9D2B05C078A12DAAB5FDCCFD9BBDA8F874E70EDA44CFB730D83CF89  C:\Users\Bitpusher\Desktop\Incident Investigation Files\Scenario X\waverly - log collection\Messages_20260731204558\PattiF@854jpt.onmicrosoft.com_ed45d007-d316-492f-a265-09475d5d2f9a@854jpt.onmicrosoft.com.eml
  B729336CDD82DEFCE18D56E5D9AE569253E8E282867DC4F410080BD58BF32A71  C:\Users\Bitpusher\Desktop\Incident Investigation Files\Scenario X\waverly - log collection\Messages_20260731204558\PattiF@854jpt.onmicrosoft.com_fa22c69f-c94b-4fa6-81f7-be48328f061c@854jpt.onmicrosoft.com.eml
  D927B72839C4E23790F7E0CDC2A3315FB9D88782E17E99F8D4F844D570F5B3DA  C:\Users\Bitpusher\Desktop\Incident Investigation Files\Scenario X\waverly - log collection\Messages_20260731204558\PattiF@854jpt.onmicrosoft.com_fd855e73-6520-4322-957e-b8ca1d433cad@854jpt.onmicrosoft.com.eml
  CAC8391DE007FC4629F88717A027D765882760003B604387C3017CBF8D590DDC  C:\Users\Bitpusher\Desktop\Incident Investigation Files\Scenario X\waverly - log collection\Messages_20260731204558\PradeepG@854jpt.onmicrosoft.com_2377068c-9d63-44e3-a2a6-708f5aed8204@854jpt.onmicrosoft.com.eml
  E9B7D180C7EAE8E2839AD866938E1C61CAC4AA4F58759F6581F296BDD7D977F1  C:\Users\Bitpusher\Desktop\Incident Investigation Files\Scenario X\waverly - log collection\Messages_20260731204558\PradeepG@854jpt.onmicrosoft.com_2e87a629-c2f4-4fc4-af41-f8f29bc9cc1b@854jpt.onmicrosoft.com.eml
  59FA22E185059494162B06EDCA5966FF1A469F738ED3CB64638CA2482A2CC0F6  C:\Users\Bitpusher\Desktop\Incident Investigation Files\Scenario X\waverly - log collection\Messages_20260731204558\PradeepG@854jpt.onmicrosoft.com_2eb53355-095a-4b91-a87d-e5cb2520f59d@854jpt.onmicrosoft.com.eml
  599FA7EA223879CD6268D82F7085480C090B88B717BFC1EA7D6D6C68C7407FCC  C:\Users\Bitpusher\Desktop\Incident Investigation Files\Scenario X\waverly - log collection\Messages_20260731204558\PradeepG@854jpt.onmicrosoft.com_477cb28e-1fd3-474e-aacf-c9c09c547363@854jpt.onmicrosoft.com.eml
  DCA6108A668257E9E6C9F224EC1C308296E14A3F2F6A9FA40B75E156FBD6F30A  C:\Users\Bitpusher\Desktop\Incident Investigation Files\Scenario X\waverly - log collection\Messages_20260731204558\PradeepG@854jpt.onmicrosoft.com_4def848f-7dd9-4410-aa7a-003041712583@854jpt.onmicrosoft.com.eml
  41EC885C9FB1812844788F37109A480B8CD77A3941A51BD5227332ADE1EE302A  C:\Users\Bitpusher\Desktop\Incident Investigation Files\Scenario X\waverly - log collection\Messages_20260731204558\PradeepG@854jpt.onmicrosoft.com_5b22b6a3-fde1-43bf-a6c7-33fa82b671d9@854jpt.onmicrosoft.com.eml
  4A012B6AD6E28E0F12B9FA659FEB43D21010141C7B3DE06B65691B7ECF55E901  C:\Users\Bitpusher\Desktop\Incident Investigation Files\Scenario X\waverly - log collection\Messages_20260731204558\PradeepG@854jpt.onmicrosoft.com_5fb45624-eba5-4c20-ba44-99b051161889@854jpt.onmicrosoft.com.eml
  9CE8893D19460777C59A57DAA9D3D01015D5DD0C7CC36EF4FDB81878EA9D0321  C:\Users\Bitpusher\Desktop\Incident Investigation Files\Scenario X\waverly - log collection\Messages_20260731204558\PradeepG@854jpt.onmicrosoft.com_7405f919-5796-431d-a0d8-2a671c543905@854jpt.onmicrosoft.com.eml
  97064EFCCC40C306B645DD8583839E5090C2646FCCC6058760FCD4D9C71AA27B  C:\Users\Bitpusher\Desktop\Incident Investigation Files\Scenario X\waverly - log collection\Messages_20260731204558\PradeepG@854jpt.onmicrosoft.com_7dbf7de7-1d4e-4a65-868d-e42cb17b7351@MN1PEPF0000F0E3.namprd04.prod.outlook.com.eml
  D87063D59F1822BE12549C2B154CD6170CEE88361DFA15CFFE08B49410EBB33C  C:\Users\Bitpusher\Desktop\Incident Investigation Files\Scenario X\waverly - log collection\Messages_20260731204558\PradeepG@854jpt.onmicrosoft.com_7ed1b6bf-2b7d-43f6-ac0d-c259cbc4ba96@854jpt.onmicrosoft.com.eml
  79C490EEDE2577042C40AAE6D07AA42BD6949B332CBD2B872E2A45F77C72683B  C:\Users\Bitpusher\Desktop\Incident Investigation Files\Scenario X\waverly - log collection\Messages_20260731204558\PradeepG@854jpt.onmicrosoft.com_8fe2b886-7eff-4258-9d90-7b497ce67e93@854jpt.onmicrosoft.com.eml
  212A123FDC615F51FBD49A629E4A933BAA3B83F831E8DE92960B0312B3B76D2D  C:\Users\Bitpusher\Desktop\Incident Investigation Files\Scenario X\waverly - log collection\Messages_20260731204558\PradeepG@854jpt.onmicrosoft.com_9dfca31f-f976-46b2-90b0-df9fbb9db50a@854jpt.onmicrosoft.com.eml
  A10C50A3D28E31870AD82A11CF30E7EB2AAE242767A00BD5643E3FF07E137859  C:\Users\Bitpusher\Desktop\Incident Investigation Files\Scenario X\waverly - log collection\Messages_20260731204558\PradeepG@854jpt.onmicrosoft.com_a6f633b5-ed16-4d31-8616-519b69b32c7d@854jpt.onmicrosoft.com.eml
  045881C6D4945590123D613E437879694A71BA75F6A08DD277A520712448AD21  C:\Users\Bitpusher\Desktop\Incident Investigation Files\Scenario X\waverly - log collection\Messages_20260731204558\PradeepG@854jpt.onmicrosoft.com_ac1723d3-6359-4021-ae5a-fc08febd9fdb@854jpt.onmicrosoft.com.eml
  1478D96AA284E60E23DD7E993ED0DB32A4C331A62DA492474D06A9D13870BE69  C:\Users\Bitpusher\Desktop\Incident Investigation Files\Scenario X\waverly - log collection\Messages_20260731204558\PradeepG@854jpt.onmicrosoft.com_b8fc7c22-857b-4e72-ba6a-dc44998d67d7@854jpt.onmicrosoft.com.eml
  F58E64CAD16ED7C99797AF326E1AC879D091DE6264337F7F51CC1C29072DFF37  C:\Users\Bitpusher\Desktop\Incident Investigation Files\Scenario X\waverly - log collection\Messages_20260731204558\PradeepG@854jpt.onmicrosoft.com_c2c2ab9e-3b37-446e-9f18-b1b5f06e313b@854jpt.onmicrosoft.com.eml
  FE8DFCB8C3BBA00DF7DF67BD6AFFF08A440705BDD5577EE875C6AE008659FA12  C:\Users\Bitpusher\Desktop\Incident Investigation Files\Scenario X\waverly - log collection\Messages_20260731204558\PradeepG@854jpt.onmicrosoft.com_c34389f0-d4e5-4864-b70d-ba55bab08830@854jpt.onmicrosoft.com.eml
  FCEDAF05531963DD9CC28874F395AD80C57C8E80418E717EAF762FA87D05F313  C:\Users\Bitpusher\Desktop\Incident Investigation Files\Scenario X\waverly - log collection\Messages_20260731204558\PradeepG@854jpt.onmicrosoft.com_c7d763b3-b849-4f29-ae16-6d3de954e831@854jpt.onmicrosoft.com.eml
  FCFBC76B28BFF1070D7B83B8B14B2F84473119CA45289A5C0C114959A2A28126  C:\Users\Bitpusher\Desktop\Incident Investigation Files\Scenario X\waverly - log collection\Messages_20260731204558\PradeepG@854jpt.onmicrosoft.com_cd74de49-232f-49d6-aac1-3d31025def48@854jpt.onmicrosoft.com.eml
  C777410919F9E496D29ACB4BA87FB195FBFE9F5C313539761FADE9B659BDE180  C:\Users\Bitpusher\Desktop\Incident Investigation Files\Scenario X\waverly - log collection\Messages_20260731204558\PradeepG@854jpt.onmicrosoft.com_ce7744b8-765f-4e2f-b137-5f09c2e31605@854jpt.onmicrosoft.com.eml
  C5E1EBBF7906568095779A77952421E65B254482B5E8B8F886BB1A5735722D6D  C:\Users\Bitpusher\Desktop\Incident Investigation Files\Scenario X\waverly - log collection\Messages_20260731204558\PradeepG@854jpt.onmicrosoft.com_d6e5fef3-6e06-4066-ad5a-b3e01d13220c@854jpt.onmicrosoft.com.eml
  7D0CC2AE240F1D211AEF85CC7CF7B8D070D15C6BBA9120FEDA1663D56E073A4D  C:\Users\Bitpusher\Desktop\Incident Investigation Files\Scenario X\waverly - log collection\Messages_20260731204558\PradeepG@854jpt.onmicrosoft.com_e009bdbc-b8e8-4d74-bd24-f6efc41483f6@854jpt.onmicrosoft.com.eml
=====================================================
