Search-UALActivityByIPAddress started on PROTEUS by PROTEUS\Bitpusher at  [2026-07-29 00:36:54]
Setting process priority to "Normal"
Output base path will be in C:\Users\Bitpusher\Desktop\Investigation
Domain sub-directory will be "854jpt.onmicrosoft.com"

Script will search UAC 10 days back from today for relevant events.
StartDate: 07/19/2026 07:37:13 (UTC)
EndDate: 07/29/2026 07:37:13 (UTC)
Search-UnifiedAuditLog -StartDate 07/19/2026 07:37:13 -EndDate 07/29/2026 07:37:13 -IPAddresses 45.9.249.58 -SessionId 1493639054 -SessionCommand ReturnLargeSet -ResultSize 5000
Getting unified audit logs page 1 - Please wait
Getting unified audit logs page 2 - Please wait

See IP address activities report in the output path.


 The Output file is available at:
C:\Users\Bitpusher\Desktop\Investigation\854jpt.onmicrosoft.com\UnifiedAuditLogEntries_IPaddress_From_20260719073713UTC_To_20260729073713UTC.csv
Script complete.
Seconds elapsed for script execution: 27.0328019

Done! Check output path for results.

==================== RUN MANIFEST ====================
Script          : Search-UALActivityByIPAddress v5.0.0 - DEF CON edition - last updated 2026-08-05
Operator        : PROTEUS\Bitpusher
Computer        : PROTEUS
Tenant          : eb174bbc-fe94-4978-95b9-a616457dd489
Graph scopes    : Agreement.Read.All, Application.Read.All, Application.ReadWrite.All, AppRoleAssignment.ReadWrite.All, AuditLog.Read.All, AuditLogsQuery.Read.All, DelegatedPermissionGrant.Read.All, DelegatedPermissionGrant.ReadWrite.All, Directory.AccessAsUser.All, Directory.Read.All, Directory.ReadWrite.All, Domain.Read.All, Files.Read.All, Files.ReadWrite.All, Group.Read.All, Group.ReadWrite.All, GroupMember.Read.All, IdentityRiskEvent.Read.All, IdentityRiskyUser.Read.All, IdentityRiskyUser.ReadWrite.All, Mail.Read, Mail.Send, openid, Organization.Read.All, Organization.ReadWrite.All, Policy.Read.All, Policy.Read.ConditionalAccess, Policy.ReadWrite.ConditionalAccess, profile, Reports.Read.All, RoleManagement.Read.Directory, SecurityEvents.Read.All, SecurityEvents.ReadWrite.All, Sites.Read.All, Sites.ReadWrite.All, User.Read, User.Read.All, User.ReadWrite.All, UserAuthenticationMethod.Read.All, UserAuthenticationMethod.ReadWrite.All, email
UTC start       : 2026-07-29 07:36:53Z
UTC stop        : 2026-07-29 07:37:20Z
Elapsed seconds : 27.03
Output files (SHA256):
  24D54DCF7B11C28EAB34512FF8C9A43B8C44A7D2CCE0DFE7409879DFC6D198A9  C:\Users\Bitpusher\Desktop\Investigation\854jpt.onmicrosoft.com\UnifiedAuditLogEntries_IPaddress_From_20260719073713UTC_To_20260729073713UTC.csv
=====================================================
